
> restaurant@1.0.0 test
> jest

node.exe : FAIL server/test
s/unit/value-objects/Money.
test.js
En C:\Program 
Files\nodejs\npm.ps1: 29 
Carácter: 3
+   & $NODE_EXE 
$NPM_CLI_JS $args
+   ~~~~~~~~~~~~~~~~~~~~~~~
~~~~~~
    + CategoryInfo         
     : NotSpecified: (FAI  
  L server/tes...s/Money   
 .test.js:String) [], R    
emoteException
    + FullyQualifiedErrorI 
   d : NativeCommandError
 
  ÔùÅ Money Value Object 
ÔÇ║ should throw error 
when adding different 
currencies

    expect(received).toThro
w(expected)

    Expected substring: 
"Cannot add different 
currencies"
    Received message:   
"Cannot add money with 
different currencies"

        [0m [90m 28 
|[39m         }
         [90m 29 |[39m   
      [36mif[39m ([36mth
is[39m[33m.[39m_currency
 [33m!==[39m 
other[33m.[39m_currency) 
{
        
[31m[1m>[22m[39m[90m 
30 |[39m             
[36mthrow[39m 
[36mnew[39m [33mValidati
onError[39m([32m'Cannot 
add money with different cu
rrencies'[39m)[33m;[39m
         [90m    |[39m   
                
[31m[1m^[22m[39m
         [90m 31 |[39m   
      }
         [90m 32 |[39m   
      [36mreturn[39m 
[36mnew[39m [33mMoney[3
9m([36mthis[39m[33m.[39
m_amount [33m+[39m other
[33m.[39m_amount[33m,[39
m [36mthis[39m[33m.[39m
_currency)[33m;[39m
         [90m 33 |[39m   
  }[0m

      at Money.add (server/
src/domain/value-objects/Mo
ney.js:30:19)
      at add (server/tests/
unit/value-objects/Money.te
st.js:30:25)
      at 
Object.<anonymous> (node_mo
dules/expect/build/index.js
:1824:9)
      at 
Object.throwingMatcher [as 
toThrow] (node_modules/expe
ct/build/index.js:2235:93)
      at Object.toThrow (se
rver/tests/unit/value-objec
ts/Money.test.js:30:34)
      at Object.toThrow (se
rver/tests/unit/value-objec
ts/Money.test.js:30:34)

PASS server/tests/use-cases
/orders/CreateOrder.test.js
PASS server/tests/unit/enti
ties/MenuItem.test.js

Test Suites: 1 failed, 2 
passed, 3 total
Tests:       1 failed, 13 
passed, 14 total
Snapshots:   0 total
Time:        0.47 s, 
estimated 1 s
Ran all test suites.
